Traceback (most recent call last):
  File "<frozen runpy>", line 198, in _run_module_as_main
  File "<frozen runpy>", line 88, in _run_code
  File "/usr/local/lib/python3.12/http/server.py", line 1314, in <module>
    test(
  File "/usr/local/lib/python3.12/http/server.py", line 1261, in test
    with ServerClass(addr, HandlerClass) as httpd:
         ^^^^^^^^^^^^^^^^^^^^^^^^^^^^^^^
  File "/usr/local/lib/python3.12/socketserver.py", line 457, in __init__
    self.server_bind()
  File "/usr/local/lib/python3.12/http/server.py", line 1308, in server_bind
    return super().server_bind()
           ^^^^^^^^^^^^^^^^^^^^^
  File "/usr/local/lib/python3.12/http/server.py", line 136, in server_bind
    socketserver.TCPServer.server_bind(self)
  File "/usr/local/lib/python3.12/socketserver.py", line 478, in server_bind
    self.socket.bind(self.server_address)
OSError: [Errno 98] Address already in use
Traceback (most recent call last):
  File "<frozen runpy>", line 198, in _run_module_as_main
  File "<frozen runpy>", line 88, in _run_code
  File "/usr/local/lib/python3.12/http/server.py", line 1314, in <module>
    test(
  File "/usr/local/lib/python3.12/http/server.py", line 1261, in test
    with ServerClass(addr, HandlerClass) as httpd:
         ^^^^^^^^^^^^^^^^^^^^^^^^^^^^^^^
  File "/usr/local/lib/python3.12/socketserver.py", line 457, in __init__
    self.server_bind()
  File "/usr/local/lib/python3.12/http/server.py", line 1308, in server_bind
    return super().server_bind()
           ^^^^^^^^^^^^^^^^^^^^^
  File "/usr/local/lib/python3.12/http/server.py", line 136, in server_bind
    socketserver.TCPServer.server_bind(self)
  File "/usr/local/lib/python3.12/socketserver.py", line 478, in server_bind
    self.socket.bind(self.server_address)
OSError: [Errno 98] Address already in use
Traceback (most recent call last):
  File "<frozen runpy>", line 198, in _run_module_as_main
  File "<frozen runpy>", line 88, in _run_code
  File "/usr/local/lib/python3.12/http/server.py", line 1314, in <module>
    test(
  File "/usr/local/lib/python3.12/http/server.py", line 1261, in test
    with ServerClass(addr, HandlerClass) as httpd:
         ^^^^^^^^^^^^^^^^^^^^^^^^^^^^^^^
  File "/usr/local/lib/python3.12/socketserver.py", line 457, in __init__
    self.server_bind()
  File "/usr/local/lib/python3.12/http/server.py", line 1308, in server_bind
    return super().server_bind()
           ^^^^^^^^^^^^^^^^^^^^^
  File "/usr/local/lib/python3.12/http/server.py", line 136, in server_bind
    socketserver.TCPServer.server_bind(self)
  File "/usr/local/lib/python3.12/socketserver.py", line 478, in server_bind
    self.socket.bind(self.server_address)
OSError: [Errno 98] Address already in use
Traceback (most recent call last):
  File "<frozen runpy>", line 198, in _run_module_as_main
  File "<frozen runpy>", line 88, in _run_code
  File "/usr/local/lib/python3.12/http/server.py", line 1314, in <module>
    test(
  File "/usr/local/lib/python3.12/http/server.py", line 1261, in test
    with ServerClass(addr, HandlerClass) as httpd:
         ^^^^^^^^^^^^^^^^^^^^^^^^^^^^^^^
  File "/usr/local/lib/python3.12/socketserver.py", line 457, in __init__
    self.server_bind()
  File "/usr/local/lib/python3.12/http/server.py", line 1308, in server_bind
    return super().server_bind()
           ^^^^^^^^^^^^^^^^^^^^^
  File "/usr/local/lib/python3.12/http/server.py", line 136, in server_bind
    socketserver.TCPServer.server_bind(self)
  File "/usr/local/lib/python3.12/socketserver.py", line 478, in server_bind
    self.socket.bind(self.server_address)
OSError: [Errno 98] Address already in use
Traceback (most recent call last):
  File "<frozen runpy>", line 198, in _run_module_as_main
  File "<frozen runpy>", line 88, in _run_code
  File "/usr/local/lib/python3.12/http/server.py", line 1314, in <module>
    test(
  File "/usr/local/lib/python3.12/http/server.py", line 1261, in test
    with ServerClass(addr, HandlerClass) as httpd:
         ^^^^^^^^^^^^^^^^^^^^^^^^^^^^^^^
  File "/usr/local/lib/python3.12/socketserver.py", line 457, in __init__
    self.server_bind()
  File "/usr/local/lib/python3.12/http/server.py", line 1308, in server_bind
    return super().server_bind()
           ^^^^^^^^^^^^^^^^^^^^^
  File "/usr/local/lib/python3.12/http/server.py", line 136, in server_bind
    socketserver.TCPServer.server_bind(self)
  File "/usr/local/lib/python3.12/socketserver.py", line 478, in server_bind
    self.socket.bind(self.server_address)
OSError: [Errno 98] Address already in use
Traceback (most recent call last):
  File "<frozen runpy>", line 198, in _run_module_as_main
  File "<frozen runpy>", line 88, in _run_code
  File "/usr/local/lib/python3.12/http/server.py", line 1314, in <module>
    test(
  File "/usr/local/lib/python3.12/http/server.py", line 1261, in test
    with ServerClass(addr, HandlerClass) as httpd:
         ^^^^^^^^^^^^^^^^^^^^^^^^^^^^^^^
  File "/usr/local/lib/python3.12/socketserver.py", line 457, in __init__
    self.server_bind()
  File "/usr/local/lib/python3.12/http/server.py", line 1308, in server_bind
    return super().server_bind()
           ^^^^^^^^^^^^^^^^^^^^^
  File "/usr/local/lib/python3.12/http/server.py", line 136, in server_bind
    socketserver.TCPServer.server_bind(self)
  File "/usr/local/lib/python3.12/socketserver.py", line 478, in server_bind
    self.socket.bind(self.server_address)
OSError: [Errno 98] Address already in use
Traceback (most recent call last):
  File "<frozen runpy>", line 198, in _run_module_as_main
  File "<frozen runpy>", line 88, in _run_code
  File "/usr/local/lib/python3.12/http/server.py", line 1314, in <module>
    test(
  File "/usr/local/lib/python3.12/http/server.py", line 1261, in test
    with ServerClass(addr, HandlerClass) as httpd:
         ^^^^^^^^^^^^^^^^^^^^^^^^^^^^^^^
  File "/usr/local/lib/python3.12/socketserver.py", line 457, in __init__
    self.server_bind()
  File "/usr/local/lib/python3.12/http/server.py", line 1308, in server_bind
    return super().server_bind()
           ^^^^^^^^^^^^^^^^^^^^^
  File "/usr/local/lib/python3.12/http/server.py", line 136, in server_bind
    socketserver.TCPServer.server_bind(self)
  File "/usr/local/lib/python3.12/socketserver.py", line 478, in server_bind
    self.socket.bind(self.server_address)
OSError: [Errno 98] Address already in use
10.12.51.244 - - [27/Aug/2025 23:14:18] "GET / HTTP/1.1" 200 -
10.12.51.244 - - [27/Aug/2025 23:14:18] "GET /css/node-styles.css HTTP/1.1" 200 -
10.12.51.244 - - [27/Aug/2025 23:14:18] "GET /css/style.css HTTP/1.1" 200 -
10.12.51.244 - - [27/Aug/2025 23:14:18] "GET /js/settings-system.js HTTP/1.1" 200 -
10.12.51.244 - - [27/Aug/2025 23:14:18] "GET /js/help-system.js HTTP/1.1" 200 -
10.12.51.244 - - [27/Aug/2025 23:14:18] "GET /js/history-manager.js HTTP/1.1" 200 -
10.12.51.244 - - [27/Aug/2025 23:14:18] "GET /js/file-manager.js HTTP/1.1" 200 -
10.12.51.244 - - [27/Aug/2025 23:14:18] "GET /js/nodes.js HTTP/1.1" 200 -
10.12.51.244 - - [27/Aug/2025 23:14:18] "GET /js/connections.js HTTP/1.1" 200 -
10.12.51.244 - - [27/Aug/2025 23:14:18] "GET /js/canvas-manager.js HTTP/1.1" 200 -
10.12.51.244 - - [27/Aug/2025 23:14:18] "GET /js/cipher-engine.js HTTP/1.1" 200 -
10.12.51.244 - - [27/Aug/2025 23:14:18] "GET /js/main.js HTTP/1.1" 200 -
10.12.51.244 - - [27/Aug/2025 23:14:19] code 404, message File not found
10.12.51.244 - - [27/Aug/2025 23:14:19] "GET /favicon.ico HTTP/1.1" 404 -
